[     519ms] [ERROR] Failed to load resource: the server responded with a status of 500 (Internal Server Error) @ http://localhost:3030/slides.md__slidev_17.md?import&t=1778211155462:0
[     520ms] [ERROR] slide failed to load TypeError: Failed to fetch dynamically imported module: http://localhost:3030/@slidev/slides/17/md?t=1778211155462 @ http://localhost:3030/@slidev/slides?t=1778211155462:94
[     520ms] [ERROR] slide failed to load TypeError: Failed to fetch dynamically imported module: http://localhost:3030/@slidev/slides/17/md?t=1778211155462 @ http://localhost:3030/@slidev/slides?t=1778211155462:94
[     627ms] [ERROR] Failed to load resource: the server responded with a status of 500 (Internal Server Error) @ http://localhost:3030/slides.md__slidev_17.md?import&t=1778211156586:0
[     627ms] [ERROR] slide failed to load TypeError: Failed to fetch dynamically imported module: http://localhost:3030/@slidev/slides/17/md?t=1778211156586 @ http://localhost:3030/@slidev/slides?t=1778211156586:94
[     628ms] [ERROR] slide failed to load TypeError: Failed to fetch dynamically imported module: http://localhost:3030/@slidev/slides/17/md?t=1778211156586 @ http://localhost:3030/@slidev/slides?t=1778211156586:94
[    3628ms] [ERROR] slide failed to load TypeError: Failed to fetch dynamically imported module: http://localhost:3030/@slidev/slides/17/md?t=1778211156586 @ http://localhost:3030/@slidev/slides?t=1778211156586:94
[    3678ms] [ERROR] Failed to load resource: the server responded with a status of 500 (Internal Server Error) @ http://localhost:3030/slides.md__slidev_19.md?import&t=1778211155462:0
[    3697ms] [ERROR] slide failed to load TypeError: Failed to fetch dynamically imported module: http://localhost:3030/@slidev/slides/19/md?t=1778211155462 @ http://localhost:3030/@slidev/slides?t=1778211156586:104
[    3698ms] [ERROR] slide failed to load TypeError: Failed to fetch dynamically imported module: http://localhost:3030/@slidev/slides/19/md?t=1778211155462 @ http://localhost:3030/@slidev/slides?t=1778211156586:104
[   14863ms] [ERROR] Failed to load resource: the server responded with a status of 500 (Internal Server Error) @ http://localhost:3030/slides.md__slidev_17.md?import&t=1778211170474:0
[   14864ms] [ERROR] Failed to load resource: the server responded with a status of 500 (Internal Server Error) @ http://localhost:3030/slides.md__slidev_19.md?import&t=1778211170474:0
[   14870ms] [ERROR] slide failed to load TypeError: Failed to fetch dynamically imported module: http://localhost:3030/@slidev/slides/17/md?t=1778211170474 @ http://localhost:3030/@slidev/slides?t=1778211170474:94
[   14870ms] [ERROR] slide failed to load TypeError: Failed to fetch dynamically imported module: http://localhost:3030/@slidev/slides/17/md?t=1778211170474 @ http://localhost:3030/@slidev/slides?t=1778211170474:94
[   14871ms] [ERROR] slide failed to load TypeError: Failed to fetch dynamically imported module: http://localhost:3030/@slidev/slides/19/md?t=1778211170474 @ http://localhost:3030/@slidev/slides?t=1778211170474:104
[   17805ms] [ERROR] slide failed to load TypeError: Failed to fetch dynamically imported module: http://localhost:3030/@slidev/slides/17/md?t=1778211170474 @ http://localhost:3030/@slidev/slides?t=1778211170474:94
[   17805ms] [ERROR] slide failed to load TypeError: Failed to fetch dynamically imported module: http://localhost:3030/@slidev/slides/19/md?t=1778211170474 @ http://localhost:3030/@slidev/slides?t=1778211170474:104
[   23561ms] [ERROR] slide failed to load TypeError: Failed to fetch dynamically imported module: http://localhost:3030/@slidev/slides/19/md?t=1778211170474 @ http://localhost:3030/@slidev/slides?t=1778211179451:104
[   26538ms] [ERROR] slide failed to load TypeError: Failed to fetch dynamically imported module: http://localhost:3030/@slidev/slides/19/md?t=1778211170474 @ http://localhost:3030/@slidev/slides?t=1778211179451:104
[   30598ms] [ERROR] slide failed to load TypeError: Failed to fetch dynamically imported module: http://localhost:3030/@slidev/slides/19/md?t=1778211170474 @ http://localhost:3030/@slidev/slides?t=1778211179451:104
[   31253ms] [ERROR] slide failed to load TypeError: Failed to fetch dynamically imported module: http://localhost:3030/@slidev/slides/19/md?t=1778211170474 @ http://localhost:3030/@slidev/slides?t=1778211179451:104
[   31911ms] [ERROR] slide failed to load TypeError: Failed to fetch dynamically imported module: http://localhost:3030/@slidev/slides/19/md?t=1778211170474 @ http://localhost:3030/@slidev/slides?t=1778211179451:104
